// Jest Snapshot v1, https://goo.gl/fbAQLP

exports[`<SitePagination /> renders correctly 1`] = `
<div>
  <nav
    class="pagination"
  >
    <ul>
      <li
        class="disabled"
      >
        <span>
          &lt;
        </span>
      </li>
      <li
        class="active"
      >
        <span>
          1
        </span>
      </li>
      <li
        class=""
      >
        <span>
          2
        </span>
      </li>
      <li
        class=""
      >
        <span>
          3
        </span>
      </li>
      <li
        class=""
      >
        <span>
          4
        </span>
      </li>
      <li
        class=""
      >
        <span>
          5
        </span>
      </li>
      <li
        class=""
      >
        <span>
          6
        </span>
      </li>
      <li
        class=""
      >
        <span>
          7
        </span>
      </li>
      <li
        class=""
      >
        <span>
          8
        </span>
      </li>
      <li
        class=""
      >
        <span>
          9
        </span>
      </li>
      <li
        class=""
      >
        <span>
          10
        </span>
      </li>
      <li
        class=""
      >
        <span>
          11
        </span>
      </li>
      <li
        class=""
      >
        <span>
          12
        </span>
      </li>
      <li
        class=""
      >
        <span>
          13
        </span>
      </li>
      <li
        class=""
      >
        <span>
          14
        </span>
      </li>
      <li
        class=""
      >
        <span>
          15
        </span>
      </li>
      <li
        class=""
      >
        <span>
          16
        </span>
      </li>
      <li
        class=""
      >
        <span>
          17
        </span>
      </li>
      <li
        class=""
      >
        <span>
          18
        </span>
      </li>
      <li
        class=""
      >
        <span>
          19
        </span>
      </li>
      <li
        class=""
      >
        <span>
          20
        </span>
      </li>
      <li
        class=""
      >
        <span>
          21
        </span>
      </li>
      <li
        class=""
      >
        <span>
          &gt;
        </span>
      </li>
    </ul>
  </nav>
</div>
`;
